// Jest Snapshot v1, https://goo.gl/fbAQLP

exports[`Pruebas en <GifItem /> Debe hacer match con el snapshot 1`] = `
<div>
  <div
    class="card"
  >
    <img
      alt="Attack on titan"
      src="https://attack-on-titan/levi.jpg"
    />
    <p>
      Attack on titan
    </p>
  </div>
</div>
`;
